// Jest Snapshot v1, https://goo.gl/fbAQLP

exports[`Home should match its snapshot 1`] = `
ShallowWrapper {
  Symbol(enzyme.__root__): [Circular],
  Symbol(enzyme.__unrendered__): <Home />,
  Symbol(enzyme.__renderer__): Object {
    "batchedUpdates": [Function],
    "checkPropTypes": [Function],
    "getNode": [Function],
    "render": [Function],
    "simulateError": [Function],
    "simulateEvent": [Function],
    "unmount": [Function],
  },
  Symbol(enzyme.__node__): Object {
    "instance": null,
    "key": undefined,
    "nodeType": "function",
    "props": Object {
      "children": Array [
        <SubHeader
          breadcrumb={
            Array [
              Object {
                "text": "Home",
              },
            ]
          }
          heading="Somos Front-end Challenge"
        />,
        <div
          className="wrapper"
        >
          <h2
            className="title"
          >
            Seja bem-vindo
          </h2>
          <LinkButton
            buttonHref="/search"
          >
            Buscar artista
          </LinkButton>
        </div>,
      ],
    },
    "ref": null,
    "rendered": Array [
      Object {
        "instance": null,
        "key": undefined,
        "nodeType": "function",
        "props": Object {
          "breadcrumb": Array [
            Object {
              "text": "Home",
            },
          ],
          "heading": "Somos Front-end Challenge",
        },
        "ref": null,
        "rendered": null,
        "type": [Function],
      },
      Object {
        "instance": null,
        "key": undefined,
        "nodeType": "host",
        "props": Object {
          "children": Array [
            <h2
              className="title"
            >
              Seja bem-vindo
            </h2>,
            <LinkButton
              buttonHref="/search"
            >
              Buscar artista
            </LinkButton>,
          ],
          "className": "wrapper",
        },
        "ref": null,
        "rendered": Array [
          Object {
            "instance": null,
            "key": undefined,
            "nodeType": "host",
            "props": Object {
              "children": "Seja bem-vindo",
              "className": "title",
            },
            "ref": null,
            "rendered": "Seja bem-vindo",
            "type": "h2",
          },
          Object {
            "instance": null,
            "key": undefined,
            "nodeType": "function",
            "props": Object {
              "buttonHref": "/search",
              "children": "Buscar artista",
            },
            "ref": null,
            "rendered": "Buscar artista",
            "type": [Function],
          },
        ],
        "type": "div",
      },
    ],
    "type": Symbol(react.fragment),
  },
  Symbol(enzyme.__nodes__): Array [
    Object {
      "instance": null,
      "key": undefined,
      "nodeType": "function",
      "props": Object {
        "children": Array [
          <SubHeader
            breadcrumb={
              Array [
                Object {
                  "text": "Home",
                },
              ]
            }
            heading="Somos Front-end Challenge"
          />,
          <div
            className="wrapper"
          >
            <h2
              className="title"
            >
              Seja bem-vindo
            </h2>
            <LinkButton
              buttonHref="/search"
            >
              Buscar artista
            </LinkButton>
          </div>,
        ],
      },
      "ref": null,
      "rendered": Array [
        Object {
          "instance": null,
          "key": undefined,
          "nodeType": "function",
          "props": Object {
            "breadcrumb": Array [
              Object {
                "text": "Home",
              },
            ],
            "heading": "Somos Front-end Challenge",
          },
          "ref": null,
          "rendered": null,
          "type": [Function],
        },
        Object {
          "instance": null,
          "key": undefined,
          "nodeType": "host",
          "props": Object {
            "children": Array [
              <h2
                className="title"
              >
                Seja bem-vindo
              </h2>,
              <LinkButton
                buttonHref="/search"
              >
                Buscar artista
              </LinkButton>,
            ],
            "className": "wrapper",
          },
          "ref": null,
          "rendered": Array [
            Object {
              "instance": null,
              "key": undefined,
              "nodeType": "host",
              "props": Object {
                "children": "Seja bem-vindo",
                "className": "title",
              },
              "ref": null,
              "rendered": "Seja bem-vindo",
              "type": "h2",
            },
            Object {
              "instance": null,
              "key": undefined,
              "nodeType": "function",
              "props": Object {
                "buttonHref": "/search",
                "children": "Buscar artista",
              },
              "ref": null,
              "rendered": "Buscar artista",
              "type": [Function],
            },
          ],
          "type": "div",
        },
      ],
      "type": Symbol(react.fragment),
    },
  ],
  Symbol(enzyme.__options__): Object {
    "adapter": ReactSixteenAdapter {
      "options": Object {
        "enableComponentDidUpdateOnSetState": true,
        "legacyContextMode": "parent",
        "lifecycles": Object {
          "componentDidUpdate": Object {
            "onSetState": true,
          },
          "getChildContext": Object {
            "calledByRenderer": false,
          },
          "getDerivedStateFromError": true,
          "getDerivedStateFromProps": Object {
            "hasShouldComponentUpdateBug": false,
          },
          "getSnapshotBeforeUpdate": true,
          "setState": Object {
            "skipsComponentDidUpdateOnNullish": true,
          },
        },
      },
    },
    Symbol(enzyme.__providerValues__): undefined,
  },
  Symbol(enzyme.__providerValues__): Map {},
  Symbol(enzyme.__childContext__): null,
}
`;
